// Jest Snapshot v1, https://goo.gl/fbAQLP

exports[`Event1 snapshot test 1`] = `
<View
  style={
    Object {
      "alignContent": "center",
      "backgroundColor": "#413636",
      "flex": 1,
      "flexDirection": "row",
      "flexWrap": "wrap",
      "justifyContent": "center",
      "padding": 5,
    }
  }
>
  <View
    accessible={true}
    collapsable={false}
    focusable={true}
    onClick={[Function]}
    onResponderGrant={[Function]}
    onResponderMove={[Function]}
    onResponderRelease={[Function]}
    onResponderTerminate={[Function]}
    onResponderTerminationRequest={[Function]}
    onStartShouldSetResponder={[Function]}
    style={
      Object {
        "backgroundColor": "#1c1515",
        "borderRadius": 10,
        "height": "48%",
        "margin": 5,
        "opacity": 1,
        "width": "46%",
      }
    }
  >
    <View
      accessibilityIgnoresInvertColors={true}
      style={
        Array [
          Object {
            "borderRadius": 10,
            "height": "100%",
            "opacity": 50,
            "width": "100%",
          },
        ]
      }
    >
      <Image
        source={
          Object {
            "uri": "https://images.unsplash.com/photo-1616453239004-3ab56827fb76?ixlib=rb-1.2.1&ixid=MnwxMjA3fDB8MHxzZWFyY2h8MTh8fHRlbm5pcyUyMHBsYXllcnxlbnwwfHwwfHw%3D&w=1000&q=80",
          }
        }
        style={
          Array [
            Object {
              "bottom": 0,
              "left": 0,
              "position": "absolute",
              "right": 0,
              "top": 0,
            },
            Object {
              "height": "100%",
              "width": "100%",
            },
            Array [
              Object {
                "borderRadius": 10,
                "height": "100%",
                "opacity": 50,
                "width": "100%",
              },
            ],
          ]
        }
      />
      <Text
        style={
          Array [
            Object {
              "color": "#ffffff",
              "fontSize": 25,
              "paddingBottom": 10,
              "paddingTop": 10,
              "textAlign": "left",
            },
            Object {
              "fontWeight": "bold",
              "padding": 10,
            },
          ]
        }
      >
        Friendly Sports
      </Text>
    </View>
  </View>
  <View
    accessible={true}
    collapsable={false}
    focusable={true}
    onClick={[Function]}
    onResponderGrant={[Function]}
    onResponderMove={[Function]}
    onResponderRelease={[Function]}
    onResponderTerminate={[Function]}
    onResponderTerminationRequest={[Function]}
    onStartShouldSetResponder={[Function]}
    style={
      Object {
        "backgroundColor": "#1c1515",
        "borderRadius": 10,
        "height": "48%",
        "margin": 5,
        "opacity": 1,
        "width": "46%",
      }
    }
  >
    <View
      accessibilityIgnoresInvertColors={true}
      style={
        Array [
          Object {
            "borderRadius": 10,
            "height": "100%",
            "opacity": 50,
            "width": "100%",
          },
        ]
      }
    >
      <Image
        source={
          Object {
            "uri": "https://media.istockphoto.com/photos/brilliant-ideas-in-the-making-picture-id540526464?k=20&m=540526464&s=612x612&w=0&h=Gz0d2rwaT7Z9OxAPxrHRcddVVblvQt77C-pqvX4pcAw=",
          }
        }
        style={
          Array [
            Object {
              "bottom": 0,
              "left": 0,
              "position": "absolute",
              "right": 0,
              "top": 0,
            },
            Object {
              "height": "100%",
              "width": "100%",
            },
            Array [
              Object {
                "borderRadius": 10,
                "height": "100%",
                "opacity": 50,
                "width": "100%",
              },
            ],
          ]
        }
      />
      <Text
        style={
          Array [
            Object {
              "color": "#ffffff",
              "fontSize": 25,
              "paddingBottom": 10,
              "paddingTop": 10,
              "textAlign": "left",
            },
            Object {
              "fontWeight": "bold",
              "padding": 10,
            },
          ]
        }
      >
        Networking Sessions
      </Text>
    </View>
  </View>
  <View
    accessible={true}
    collapsable={false}
    focusable={true}
    onClick={[Function]}
    onResponderGrant={[Function]}
    onResponderMove={[Function]}
    onResponderRelease={[Function]}
    onResponderTerminate={[Function]}
    onResponderTerminationRequest={[Function]}
    onStartShouldSetResponder={[Function]}
    style={
      Object {
        "backgroundColor": "#1c1515",
        "borderRadius": 10,
        "height": "48%",
        "margin": 5,
        "opacity": 1,
        "width": "46%",
      }
    }
  >
    <View
      accessibilityIgnoresInvertColors={true}
      style={
        Array [
          Object {
            "borderRadius": 10,
            "height": "100%",
            "opacity": 50,
            "width": "100%",
          },
        ]
      }
    >
      <Image
        source={
          Object {
            "uri": "https://vivace.smu.edu.sg/sites/vivace.smu.edu.sg/files/styles/gallery/public/2021-08/euru%204.JPG?itok=fRtmCk5Y",
          }
        }
        style={
          Array [
            Object {
              "bottom": 0,
              "left": 0,
              "position": "absolute",
              "right": 0,
              "top": 0,
            },
            Object {
              "height": "100%",
              "width": "100%",
            },
            Array [
              Object {
                "borderRadius": 10,
                "height": "100%",
                "opacity": 50,
                "width": "100%",
              },
            ],
          ]
        }
      />
      <Text
        style={
          Array [
            Object {
              "color": "#ffffff",
              "fontSize": 25,
              "paddingBottom": 10,
              "paddingTop": 10,
              "textAlign": "left",
            },
            Object {
              "fontWeight": "bold",
              "padding": 10,
            },
          ]
        }
      >
        Recreational Training
      </Text>
    </View>
  </View>
  <View
    accessible={true}
    collapsable={false}
    focusable={true}
    onClick={[Function]}
    onResponderGrant={[Function]}
    onResponderMove={[Function]}
    onResponderRelease={[Function]}
    onResponderTerminate={[Function]}
    onResponderTerminationRequest={[Function]}
    onStartShouldSetResponder={[Function]}
    style={
      Object {
        "backgroundColor": "#1c1515",
        "borderRadius": 10,
        "height": "48%",
        "margin": 5,
        "opacity": 1,
        "width": "46%",
      }
    }
  >
    <View
      accessibilityIgnoresInvertColors={true}
      style={
        Array [
          Object {
            "borderRadius": 10,
            "height": "100%",
            "opacity": 50,
            "width": "100%",
          },
        ]
      }
    >
      <Image
        source={
          Object {
            "uri": "https://images.unsplash.com/photo-1604882735652-699f1c867bba?ixlib=rb-1.2.1&ixid=MnwxMjA3fDB8MHxwaG90by1wYWdlfHx8fGVufDB8fHx8&auto=format&fit=crop&w=387&q=80",
          }
        }
        style={
          Array [
            Object {
              "bottom": 0,
              "left": 0,
              "position": "absolute",
              "right": 0,
              "top": 0,
            },
            Object {
              "height": "100%",
              "width": "100%",
            },
            Array [
              Object {
                "borderRadius": 10,
                "height": "100%",
                "opacity": 50,
                "width": "100%",
              },
            ],
          ]
        }
      />
      <Text
        style={
          Array [
            Object {
              "color": "#ffffff",
              "fontSize": 25,
              "paddingBottom": 10,
              "paddingTop": 10,
              "textAlign": "left",
            },
            Object {
              "fontWeight": "bold",
              "padding": 10,
            },
          ]
        }
      >
        Study Sessions
      </Text>
    </View>
  </View>
</View>
`;
